
ACER@DESKTOP-E1E9EHH MINGW64 /e/Jiten newPractice/SeleniumGradle
$ git init
Initialized empty Git repository in E:/Jiten newPractice/SeleniumGradle/.git/

ACER@DESKTOP-E1E9EHH MINGW64 /e/Jiten newPractice/SeleniumGradle (master)
$ git status
On branch master

No commits yet

Untracked files:
  (use "git add <file>..." to include in what will be committed)

        .classpath
        .gradle/
        .project
        .settings/
        Screenshots/
        bin/
        build.gradle
        build/
        gradle/
        gradlew
        gradlew.bat
        settings.gradle
        src/
        testng.xml

nothing added to commit but untracked files present (use "git add" to track)

ACER@DESKTOP-E1E9EHH MINGW64 /e/Jiten newPractice/SeleniumGradle (master)
$ git add --all
warning: LF will be replaced by CRLF in build/reports/tests/test/css/base-style.css.
The file will have its original line endings in your working directory
warning: LF will be replaced by CRLF in build/reports/tests/test/css/style.css.
The file will have its original line endings in your working directory
warning: LF will be replaced by CRLF in build/reports/tests/test/js/report.js.
The file will have its original line endings in your working directory
warning: LF will be replaced by CRLF in gradle/wrapper/gradle-wrapper.properties.
The file will have its original line endings in your working directory
warning: LF will be replaced by CRLF in gradlew.
The file will have its original line endings in your working directory
warning: LF will be replaced by CRLF in src/main/java/Library.java.
The file will have its original line endings in your working directory

ACER@DESKTOP-E1E9EHH MINGW64 /e/Jiten newPractice/SeleniumGradle (master)
$ git add .

ACER@DESKTOP-E1E9EHH MINGW64 /e/Jiten newPractice/SeleniumGradle (master)
$ git stats
git: 'stats' is not a git command. See 'git --help'.

The most similar command is
        status

ACER@DESKTOP-E1E9EHH MINGW64 /e/Jiten newPractice/SeleniumGradle (master)
$ git status
On branch master

No commits yet

Changes to be committed:
  (use "git rm --cached <file>..." to unstage)

        new file:   .classpath
        new file:   .gradle/4.8.1/fileChanges/last-build.bin
        new file:   .gradle/4.8.1/fileContent/annotation-processors.bin
        new file:   .gradle/4.8.1/fileContent/fileContent.lock
        new file:   .gradle/4.8.1/fileHashes/fileHashes.bin
        new file:   .gradle/4.8.1/fileHashes/fileHashes.lock
        new file:   .gradle/4.8.1/fileHashes/resourceHashesCache.bin
        new file:   .gradle/4.8.1/taskHistory/taskHistory.bin
        new file:   .gradle/4.8.1/taskHistory/taskHistory.lock
        new file:   .gradle/5.3/executionHistory/executionHistory.bin
        new file:   .gradle/5.3/executionHistory/executionHistory.lock
        new file:   .gradle/5.3/fileChanges/last-build.bin
        new file:   .gradle/5.3/fileContent/fileContent.lock
        new file:   .gradle/5.3/fileHashes/fileHashes.bin
        new file:   .gradle/5.3/fileHashes/fileHashes.lock
        new file:   .gradle/5.3/fileHashes/resourceHashesCache.bin
        new file:   .gradle/5.3/gc.properties
        new file:   .gradle/5.3/javaCompile/classAnalysis.bin
        new file:   .gradle/5.3/javaCompile/jarAnalysis.bin
        new file:   .gradle/5.3/javaCompile/javaCompile.lock
        new file:   .gradle/5.3/javaCompile/taskHistory.bin
        new file:   .gradle/buildOutputCleanup/buildOutputCleanup.lock
        new file:   .gradle/buildOutputCleanup/cache.properties
        new file:   .gradle/buildOutputCleanup/outputFiles.bin
        new file:   .gradle/vcs-1/gc.properties
        new file:   .gradle/vcsWorkingDirs/gc.properties
        new file:   .project
        new file:   .settings/org.eclipse.buildship.core.prefs
        new file:   Screenshots/+ Googlepageopened.png
        new file:   bin/main/Library.class
        new file:   bin/test/functionlibrary/Reusablefunctions.class
        new file:   bin/test/gradledemo/Gradledemoclass.class
        new file:   build.gradle
        new file:   build/classes/java/main/Library.class
        new file:   build/classes/java/test/functionlibrary/Reusablefunctions.class
        new file:   build/classes/java/test/gradledemo/Gradledemoclass.class
        new file:   build/reports/tests/test/classes/gradledemo.Gradledemoclass.html
        new file:   build/reports/tests/test/css/base-style.css
        new file:   build/reports/tests/test/css/style.css
        new file:   build/reports/tests/test/index.html
        new file:   build/reports/tests/test/js/report.js
        new file:   build/reports/tests/test/packages/gradledemo.html
        new file:   build/test-results/test/TEST-gradledemo.Gradledemoclass.xml
        new file:   build/test-results/test/binary/output.bin
        new file:   build/test-results/test/binary/output.bin.idx
        new file:   build/test-results/test/binary/results.bin
        new file:   gradle/wrapper/gradle-wrapper.jar
        new file:   gradle/wrapper/gradle-wrapper.properties
        new file:   gradlew
        new file:   gradlew.bat
        new file:   settings.gradle
        new file:   src/main/java/Library.java
        new file:   src/test/java/functionlibrary/Reusablefunctions.java
        new file:   src/test/java/gradledemo/Gradledemoclass.java
        new file:   testng.xml


ACER@DESKTOP-E1E9EHH MINGW64 /e/Jiten newPractice/SeleniumGradle (master)
$ git commit -m "Gradle dependency code change"
[master (root-commit) eaa3598] Gradle dependency code change
 55 files changed, 1323 insertions(+)
 create mode 100644 .classpath
 create mode 100644 .gradle/4.8.1/fileChanges/last-build.bin
 create mode 100644 .gradle/4.8.1/fileContent/annotation-processors.bin
 create mode 100644 .gradle/4.8.1/fileContent/fileContent.lock
 create mode 100644 .gradle/4.8.1/fileHashes/fileHashes.bin
 create mode 100644 .gradle/4.8.1/fileHashes/fileHashes.lock
 create mode 100644 .gradle/4.8.1/fileHashes/resourceHashesCache.bin
 create mode 100644 .gradle/4.8.1/taskHistory/taskHistory.bin
 create mode 100644 .gradle/4.8.1/taskHistory/taskHistory.lock
 create mode 100644 .gradle/5.3/executionHistory/executionHistory.bin
 create mode 100644 .gradle/5.3/executionHistory/executionHistory.lock
 create mode 100644 .gradle/5.3/fileChanges/last-build.bin
 create mode 100644 .gradle/5.3/fileContent/fileContent.lock
 create mode 100644 .gradle/5.3/fileHashes/fileHashes.bin
 create mode 100644 .gradle/5.3/fileHashes/fileHashes.lock
 create mode 100644 .gradle/5.3/fileHashes/resourceHashesCache.bin
 create mode 100644 .gradle/5.3/gc.properties
 create mode 100644 .gradle/5.3/javaCompile/classAnalysis.bin
 create mode 100644 .gradle/5.3/javaCompile/jarAnalysis.bin
 create mode 100644 .gradle/5.3/javaCompile/javaCompile.lock
 create mode 100644 .gradle/5.3/javaCompile/taskHistory.bin
 create mode 100644 .gradle/buildOutputCleanup/buildOutputCleanup.lock
 create mode 100644 .gradle/buildOutputCleanup/cache.properties
 create mode 100644 .gradle/buildOutputCleanup/outputFiles.bin
 create mode 100644 .gradle/vcs-1/gc.properties
 create mode 100644 .gradle/vcsWorkingDirs/gc.properties
 create mode 100644 .project
 create mode 100644 .settings/org.eclipse.buildship.core.prefs
 create mode 100644 Screenshots/+ Googlepageopened.png
 create mode 100644 bin/main/Library.class
 create mode 100644 bin/test/functionlibrary/Reusablefunctions.class
 create mode 100644 bin/test/gradledemo/Gradledemoclass.class
 create mode 100644 build.gradle
 create mode 100644 build/classes/java/main/Library.class
 create mode 100644 build/classes/java/test/functionlibrary/Reusablefunctions.class
 create mode 100644 build/classes/java/test/gradledemo/Gradledemoclass.class
 create mode 100644 build/reports/tests/test/classes/gradledemo.Gradledemoclass.html
 create mode 100644 build/reports/tests/test/css/base-style.css
 create mode 100644 build/reports/tests/test/css/style.css
 create mode 100644 build/reports/tests/test/index.html
 create mode 100644 build/reports/tests/test/js/report.js
 create mode 100644 build/reports/tests/test/packages/gradledemo.html
 create mode 100644 build/test-results/test/TEST-gradledemo.Gradledemoclass.xml
 create mode 100644 build/test-results/test/binary/output.bin
 create mode 100644 build/test-results/test/binary/output.bin.idx
 create mode 100644 build/test-results/test/binary/results.bin
 create mode 100644 gradle/wrapper/gradle-wrapper.jar
 create mode 100644 gradle/wrapper/gradle-wrapper.properties
 create mode 100644 gradlew
 create mode 100644 gradlew.bat
 create mode 100644 settings.gradle
 create mode 100644 src/main/java/Library.java
 create mode 100644 src/test/java/functionlibrary/Reusablefunctions.java
 create mode 100644 src/test/java/gradledemo/Gradledemoclass.java
 create mode 100644 testng.xml

ACER@DESKTOP-E1E9EHH MINGW64 /e/Jiten newPractice/SeleniumGradle (master)
$ git remote add origin git@github.com:log2jiten24/Gradle-Repository.git

ACER@DESKTOP-E1E9EHH MINGW64 /e/Jiten newPractice/SeleniumGradle (master)
$ git push -u origin master
Enumerating objects: 100, done.
Counting objects: 100% (100/100), done.
Delta compression using up to 4 threads
Compressing objects: 100% (71/71), done.
Writing objects: 100% (100/100), 785.00 KiB | 2.11 MiB/s, done.
Total 100 (delta 10), reused 0 (delta 0)
remote: Resolving deltas: 100% (10/10), done.
To github.com:log2jiten24/Gradle-Repository.git
 * [new branch]      master -> master
Branch 'master' set up to track remote branch 'master' from 'origin'.

ACER@DESKTOP-E1E9EHH MINGW64 /e/Jiten newPractice/SeleniumGradle (master)
$
